// Jest Snapshot v1, https://goo.gl/fbAQLP

exports[`ChainList should match snapshot 1`] = `
<Container
  primary={true}
  showFullWidthBanner={false}
  title="Chains"
>
  <withRouter(Table)
    columns={
      Array [
        "CREATED (UTC-0500)",
        "CHAIN ID",
        "EXTERNAL IDS",
      ]
    }
    ellipsis={
      Array [
        1,
        2,
      ]
    }
    responsive={true}
    rows={
      Array [
        Object {
          "chain_id": 1,
        },
      ]
    }
  >
    <Component />
  </withRouter(Table)>
  <PendingLegend
    fullWidthBannerText="This chain has not yet been written to the Factom Blockchain."
    highlightBanner={false}
    show={false}
  />
  <Pagination
    count={0}
    limit={0}
    offset={0}
  />
</Container>
`;
