// Jest Snapshot v1, https://goo.gl/fbAQLP

exports[`App Header Component should display the Settings Popup if notifyRemoteConfigWasBlocked is true 1`] = `
<header
  className="root"
>
  <div
    className="content"
  >
    <Link
      className="logo"
      replace={false}
      to="/"
    >
      <h1>
        <span>
          Factom Explorer
        </span>
      </h1>
    </Link>
    <withRouter(Search)
      apiConfig={
        Object {
          "blockchain": "Public",
        }
      }
    />
    <AppMenu />
    <_default
      className="divider"
    />
    <div
      className="blockchainButtonContainer"
    >
      <Button
        className="blockchainButton"
        id="open-settings-popup"
        onClick={[Function]}
        title="Public"
      />
    </div>
  </div>
  <SettingsPopup
    allowCustomCredentials={false}
    apiConfig={
      Object {
        "blockchain": "Public",
      }
    }
    defaultApiConfig={
      Object {
        "blockchain": "Public",
      }
    }
    isConfiguredByDefault={[Function]}
    onClose={[Function]}
    onSubmit={[Function]}
    show={true}
  />
</header>
`;
