// Jest Snapshot v1, https://goo.gl/fbAQLP

exports[`ExternalId should match snapshot 1`] = `
<ExternalId
  data={
    Array [
      Object {
        "label": "raw",
        "value": "",
      },
      Object {
        "label": "hex",
        "value": "",
      },
      Object {
        "label": "base64",
        "value": Array [],
      },
    ]
  }
  showDefaultEncoding={false}
/>
`;
