// Jest Snapshot v1, https://goo.gl/fbAQLP

exports[`AdminBlock should match snapshot 1`] = `
<div>
  <Container
    primary={true}
    showFullWidthBanner={false}
    title="Admin block"
  >
    <Vertical>
      <Box
        type="outline"
      >
        <Label>
          HASH
        </Label>
        <withRouter(Hash)
          type="ablock"
        />
      </Box>
      <Box
        type="fill"
      >
        <Label>
          PARENT DIRECTORY BLOCK
        </Label>
        <DirectoryBlockLink />
      </Box>
    </Vertical>
  </Container>
  <DataLoader
    contentColumnName="CONTENT"
    entriesUrl="/ablocks/undefined/entries"
    hasLink={false}
    renderContent={[Function]}
  />
</div>
`;
