// Jest Snapshot v1, https://goo.gl/fbAQLP

exports[`DirectoryBlockList should match snapshot 1`] = `
<Container
  primary={true}
  showFullWidthBanner={false}
  title="Directory blocks"
>
  <withRouter(Table)
    centerAlign={3}
    columns={
      Array [
        "HEIGHT",
        "START TIME (11/11/11)",
        "KEYMR",
        "FACTOID ENTRIES",
        "ENTRIES",
      ]
    }
    ellipsis={2}
    fixedWidth={
      Object {
        "start": 3,
        "width": 130,
      }
    }
    responsive={true}
    rows={Array []}
  >
    <Component />
  </withRouter(Table)>
  <Pagination
    count={0}
    limit={0}
    offset={0}
  />
</Container>
`;
