// Jest Snapshot v1, https://goo.gl/fbAQLP

exports[`EntryContent should match snapshot 1`] = `
<EntryContent
  data={
    Array [
      Object {
        "label": "raw",
        "value": "",
      },
      Object {
        "label": "hex",
        "value": "",
      },
      Object {
        "label": "base64",
        "value": Array [],
      },
    ]
  }
/>
`;
